........................................................................ [  4%]
.....................................xx....xx..xxxxxx....xx..xxxxxx..xxx [  9%]
xxxxxxxxxxx............................................................. [ 14%]
........................................................................ [ 18%]
........................................................................ [ 23%]
................................s....................................... [ 28%]
........................................................................ [ 32%]
........................................................................ [ 37%]
........................................................................ [ 42%]
........................................................................ [ 47%]
........................................................................ [ 51%]
........................................................................ [ 56%]
........................................................................ [ 61%]
........................................................................ [ 65%]
........................................................................ [ 70%]
........................................................................ [ 75%]
........................................................................ [ 80%]
.................s...................................................... [ 84%]
........................................................................ [ 89%]
........................................................................ [ 94%]
........................................................................ [ 98%]
..................                                                       [100%]
============================== warnings summary ===============================
.venv\Lib\site-packages\starlette\testclient.py:53
  D:\autoTesting\.venv\Lib\site-packages\starlette\testclient.py:53: DeprecationWarning: The anyio.abc.BlockingPortal alias is deprecated, use anyio.from_thread.BlockingPortal instead.
    _PortalFactoryType = Callable[[], AbstractContextManager[anyio.abc.BlockingPortal]]

-- Docs: https://docs.pytest.org/en/stable/how-to/capture-warnings.html
1496 passed, 2 skipped, 32 xfailed, 1 warning in 2396.78s (0:39:56)
exit=0
