A1 closed details, NO author override                          painted=False OLD=ok             PROBE=ok             C2=ok             NEW=ok             pc=True gt=True mutNEW=0 ce=[0, 0, 0, 0]+0 term={'walked': 14, 'maxSteps': 5, 'threw': None} openSame=True
    pseudo: {"supports": true, "details": [{"open": false, "dc_cv": "hidden", "dc_display": "block", "own_cv": "visible"}], "bogus_pseudo_cv": "", "body_dc_cv": "visible"}
A2 open details, NO author override                            painted=True  OLD=FALSE_NEGATIVE PROBE=ok             C2=ok             NEW=ok             pc=True gt=True mutNEW=0 ce=[0, 0, 0, 0]+0 term={'walked': 14, 'maxSteps': 5, 'threw': None} openSame=True
    pseudo: {"supports": true, "details": [{"open": true, "dc_cv": "visible", "dc_display": "block", "own_cv": "visible"}], "bogus_pseudo_cv": "", "body_dc_cv": "visible"}
A3 closed, ::details-content{display:contents}                 painted=True  OLD=FALSE_NEGATIVE PROBE=ok             C2=FALSE_NEGATIVE NEW=FALSE_NEGATIVE pc=True gt=True mutNEW=0 ce=[0, 0, 0, 0]+0 term={'walked': 14, 'maxSteps': 5, 'threw': None} openSame=True
    pseudo: {"supports": true, "details": [{"open": false, "dc_cv": "hidden", "dc_display": "contents", "own_cv": "visible"}], "bogus_pseudo_cv": "", "body_dc_cv": "visible"}
A4 closed, ::details-content{display:inline}                   painted=True  OLD=FALSE_NEGATIVE PROBE=ok             C2=FALSE_NEGATIVE NEW=FALSE_NEGATIVE pc=True gt=True mutNEW=0 ce=[0, 0, 0, 0]+0 term={'walked': 14, 'maxSteps': 5, 'threw': None} openSame=True
    pseudo: {"supports": true, "details": [{"open": false, "dc_cv": "hidden", "dc_display": "inline", "own_cv": "visible"}], "bogus_pseudo_cv": "", "body_dc_cv": "visible"}
A5 open, ::details-content{display:none}                       painted=False OLD=ok             PROBE=ok             C2=ok             NEW=ok             pc=True gt=True mutNEW=0 ce=[0, 0, 0, 0]+0 term={'walked': 14, 'maxSteps': 5, 'threw': None} openSame=True
    pseudo: {"supports": true, "details": [{"open": true, "dc_cv": "visible", "dc_display": "none", "own_cv": "visible"}], "bogus_pseudo_cv": "", "body_dc_cv": "visible"}
A6 closed, ::details-content{content-visibility:auto}          painted=True  OLD=FALSE_NEGATIVE PROBE=ok             C2=FALSE_NEGATIVE NEW=ok             pc=True gt=True mutNEW=0 ce=[0, 0, 0, 0]+0 term={'walked': 14, 'maxSteps': 5, 'threw': None} openSame=True
    pseudo: {"supports": true, "details": [{"open": false, "dc_cv": "auto", "dc_display": "block", "own_cv": "visible"}], "bogus_pseudo_cv": "", "body_dc_cv": "visible"}
A7 open, [open]::details-content{content-visibility:hidden}    painted=False OLD=ok             PROBE=ok             C2=FALSE_POSITIVE NEW=ok             pc=True gt=True mutNEW=0 ce=[0, 0, 0, 0]+0 term={'walked': 14, 'maxSteps': 5, 'threw': None} openSame=True
    pseudo: {"supports": true, "details": [{"open": true, "dc_cv": "hidden", "dc_display": "block", "own_cv": "visible"}], "bogus_pseudo_cv": "", "body_dc_cv": "visible"}
B1 closed: FIRST summary removed by script, contents summary b painted=True  OLD=FALSE_NEGATIVE PROBE=ok             C2=ok             NEW=ok             pc=True gt=True mutNEW=0 ce=[0, 0, 0, 0]+0 term={'walked': 13, 'maxSteps': 6, 'threw': None} openSame=True
    pseudo: {"supports": true, "details": [{"open": false, "dc_cv": "hidden", "dc_display": "block", "own_cv": "visible"}], "bogus_pseudo_cv": "", "body_dc_cv": "visible"}
B2 closed: summary inserted before a body contents element     painted=False OLD=ok             PROBE=ok             C2=ok             NEW=ok             pc=True gt=True mutNEW=0 ce=[0, 0, 0, 0]+0 term={'walked': 14, 'maxSteps': 5, 'threw': None} openSame=True
    pseudo: {"supports": true, "details": [{"open": false, "dc_cv": "hidden", "dc_display": "block", "own_cv": "visible"}], "bogus_pseudo_cv": "", "body_dc_cv": "visible"}
B3 closed: new summary prepended before the contents summary   painted=False OLD=ok             PROBE=ok             C2=FALSE_POSITIVE NEW=ok             pc=True gt=True mutNEW=0 ce=[0, 0, 0, 0]+0 term={'walked': 15, 'maxSteps': 6, 'threw': None} openSame=True
    pseudo: {"supports": true, "details": [{"open": false, "dc_cv": "hidden", "dc_display": "block", "own_cv": "visible"}], "bogus_pseudo_cv": "", "body_dc_cv": "visible"}
B4 closed: summary nested in a div wrapper                     painted=False OLD=ok             PROBE=ok             C2=ok             NEW=ok             pc=True gt=True mutNEW=0 ce=[0, 0, 0, 0]+0 term={'walked': 14, 'maxSteps': 7, 'threw': None} openSame=True
    pseudo: {"supports": true, "details": [{"open": false, "dc_cv": "hidden", "dc_display": "block", "own_cv": "visible"}], "bogus_pseudo_cv": "", "body_dc_cv": "visible"}
B5 closed: summary nested in a display:contents wrapper        painted=False OLD=ok             PROBE=ok             C2=ok             NEW=ok             pc=True gt=True mutNEW=0 ce=[0, 0, 0, 0]+0 term={'walked': 14, 'maxSteps': 7, 'threw': None} openSame=True
    pseudo: {"supports": true, "details": [{"open": false, "dc_cv": "hidden", "dc_display": "block", "own_cv": "visible"}], "bogus_pseudo_cv": "", "body_dc_cv": "visible"}
B6 closed: contents element BEFORE the first summary           painted=False OLD=ok             PROBE=ok             C2=ok             NEW=ok             pc=True gt=True mutNEW=0 ce=[0, 0, 0, 0]+0 term={'walked': 14, 'maxSteps': 5, 'threw': None} openSame=True
    pseudo: {"supports": true, "details": [{"open": false, "dc_cv": "hidden", "dc_display": "block", "own_cv": "visible"}], "bogus_pseudo_cv": "", "body_dc_cv": "visible"}
C1 name=x: A open, then B opened by script (A closes), content painted=False OLD=ok             PROBE=ok             C2=ok             NEW=ok             pc=True gt=True mutNEW=0 ce=[0, 0, 0, 0]+0 term={'walked': 19, 'maxSteps': 5, 'threw': None} openSame=True
    pseudo: {"supports": true, "details": [{"open": false, "dc_cv": "hidden", "dc_display": "block", "own_cv": "visible"}, {"open": true, "dc_cv": "visible", "dc_display": "block", "own_cv": "visible"}], "bogus_pseudo_cv": "", "body_dc_cv": "visible"}
C2 name=x: B open, then A opened by script, contents in A      painted=True  OLD=FALSE_NEGATIVE PROBE=ok             C2=ok             NEW=ok             pc=True gt=True mutNEW=0 ce=[0, 0, 0, 0]+0 term={'walked': 19, 'maxSteps': 5, 'threw': None} openSame=True
    pseudo: {"supports": true, "details": [{"open": true, "dc_cv": "visible", "dc_display": "block", "own_cv": "visible"}, {"open": false, "dc_cv": "hidden", "dc_display": "block", "own_cv": "visible"}], "bogus_pseudo_cv": "", "body_dc_cv": "visible"}
D1 slot->slot, inner shadow slot inside CLOSED details         painted=False OLD=ok             PROBE=ok             C2=FALSE_POSITIVE NEW=ok             pc=True gt=True mutNEW=0 ce=[0, 0, 0, 0]+0 term={'walked': 18, 'maxSteps': 9, 'threw': None} openSame=True
    pseudo: {"supports": true, "details": [{"open": false, "dc_cv": "hidden", "dc_display": "block", "own_cv": "visible"}], "bogus_pseudo_cv": "", "body_dc_cv": "visible"}
D2 slot->slot, inner shadow slot inside OPEN details           painted=True  OLD=FALSE_NEGATIVE PROBE=ok             C2=ok             NEW=ok             pc=True gt=True mutNEW=0 ce=[0, 0, 0, 0]+0 term={'walked': 18, 'maxSteps': 9, 'threw': None} openSame=True
    pseudo: {"supports": true, "details": [{"open": true, "dc_cv": "visible", "dc_display": "block", "own_cv": "visible"}], "bogus_pseudo_cv": "", "body_dc_cv": "visible"}
D3 slot->slot, inner shadow visible div                        painted=True  OLD=FALSE_NEGATIVE PROBE=ok             C2=ok             NEW=ok             pc=True gt=True mutNEW=0 ce=[0, 0, 0, 0]+0 term={'walked': 16, 'maxSteps': 9, 'threw': None} openSame=True
    pseudo: {"supports": true, "details": [], "bogus_pseudo_cv": null, "body_dc_cv": "visible"}
D4 slot->slot, inner CLOSED-mode shadow, slot in closed detail painted=False OLD=ok             PROBE=ok             C2=FALSE_POSITIVE NEW=FALSE_POSITIVE pc=True gt=True mutNEW=0 ce=[0, 0, 0, 0]+0 term={'walked': 18, 'maxSteps': 7, 'threw': None} openSame=True
    pseudo: {"supports": true, "details": [{"open": false, "dc_cv": "hidden", "dc_display": "block", "own_cv": "visible"}], "bogus_pseudo_cv": "", "body_dc_cv": "visible"}
D5 closed-mode shadow, slot inside CLOSED details              painted=False OLD=ok             PROBE=ok             C2=FALSE_POSITIVE NEW=FALSE_POSITIVE pc=True gt=True mutNEW=0 ce=[0, 0, 0, 0]+0 term={'walked': 16, 'maxSteps': 6, 'threw': None} openSame=True
    pseudo: {"supports": true, "details": [{"open": false, "dc_cv": "hidden", "dc_display": "block", "own_cv": "visible"}], "bogus_pseudo_cv": "", "body_dc_cv": "visible"}
D6 closed-mode shadow, slot inside visible div                 painted=True  OLD=FALSE_NEGATIVE PROBE=ok             C2=ok             NEW=ok             pc=True gt=True mutNEW=0 ce=[0, 0, 0, 0]+0 term={'walked': 14, 'maxSteps': 5, 'threw': None} openSame=True
    pseudo: {"supports": true, "details": [], "bogus_pseudo_cv": null, "body_dc_cv": "visible"}
D7 closed-mode shadow, slot inside cv:hidden div               painted=False OLD=ok             PROBE=ok             C2=FALSE_POSITIVE NEW=FALSE_POSITIVE pc=True gt=True mutNEW=0 ce=[0, 0, 0, 0]+0 term={'walked': 14, 'maxSteps': 5, 'threw': None} openSame=True
    pseudo: {"supports": true, "details": [], "bogus_pseudo_cv": null, "body_dc_cv": "visible"}
D8 open shadow: host inside CLOSED details, slot at shadow-roo painted=False OLD=ok             PROBE=ok             C2=ok             NEW=ok             pc=True gt=True mutNEW=0 ce=[0, 0, 0, 0]+0 term={'walked': 16, 'maxSteps': 7, 'threw': None} openSame=True
    pseudo: {"supports": true, "details": [{"open": false, "dc_cv": "hidden", "dc_display": "block", "own_cv": "visible"}], "bogus_pseudo_cv": "", "body_dc_cv": "visible"}
D9 open shadow: slot as FIRST summary's child                  painted=True  OLD=FALSE_NEGATIVE PROBE=ok             C2=ok             NEW=ok             pc=True gt=True mutNEW=0 ce=[0, 0, 0, 0]+0 term={'walked': 17, 'maxSteps': 8, 'threw': None} openSame=True
    pseudo: {"supports": true, "details": [{"open": false, "dc_cv": "hidden", "dc_display": "block", "own_cv": "visible"}], "bogus_pseudo_cv": "", "body_dc_cv": "visible"}
E1 details hidden=until-found (open), contents in body         painted=False OLD=ok             PROBE=ok             C2=ok             NEW=ok             pc=True gt=True mutNEW=0 ce=[0, 0, 0, 0]+0 term={'walked': 14, 'maxSteps': 5, 'threw': None} openSame=True
    pseudo: {"supports": true, "details": [{"open": true, "dc_cv": "visible", "dc_display": "block", "own_cv": "hidden"}], "bogus_pseudo_cv": "", "body_dc_cv": "visible"}
E2 details hidden=until-found (open), contents in summary      painted=False OLD=ok             PROBE=ok             C2=ok             NEW=ok             pc=True gt=True mutNEW=0 ce=[0, 0, 0, 0]+0 term={'walked': 13, 'maxSteps': 6, 'threw': None} openSame=True
    pseudo: {"supports": true, "details": [{"open": true, "dc_cv": "visible", "dc_display": "block", "own_cv": "hidden"}], "bogus_pseudo_cv": "", "body_dc_cv": "visible"}
E3 details content-visibility:hidden (open), contents in body  painted=False OLD=ok             PROBE=ok             C2=ok             NEW=ok             pc=True gt=True mutNEW=0 ce=[0, 0, 0, 0]+0 term={'walked': 14, 'maxSteps': 5, 'threw': None} openSame=True
    pseudo: {"supports": true, "details": [{"open": true, "dc_cv": "visible", "dc_display": "block", "own_cv": "hidden"}], "bogus_pseudo_cv": "", "body_dc_cv": "visible"}
E4 details content-visibility:hidden (open), contents in summa painted=False OLD=ok             PROBE=ok             C2=ok             NEW=ok             pc=True gt=True mutNEW=0 ce=[0, 0, 0, 0]+0 term={'walked': 13, 'maxSteps': 6, 'threw': None} openSame=True
    pseudo: {"supports": true, "details": [{"open": true, "dc_cv": "visible", "dc_display": "block", "own_cv": "hidden"}], "bogus_pseudo_cv": "", "body_dc_cv": "visible"}
E5 details content-visibility:hidden (closed), contents in sum painted=False OLD=ok             PROBE=ok             C2=ok             NEW=ok             pc=True gt=True mutNEW=0 ce=[0, 0, 0, 0]+0 term={'walked': 13, 'maxSteps': 6, 'threw': None} openSame=True
    pseudo: {"supports": true, "details": [{"open": false, "dc_cv": "hidden", "dc_display": "block", "own_cv": "hidden"}], "bogus_pseudo_cv": "", "body_dc_cv": "visible"}
