plain contents                                     painted=True  OLD=FALSE_NEGATIVE PROBE=ok             C2=ok             NEW=ok             pc=True gt=True mut=[0, 4, 0, 0] ce=[0, 0, 0, 0]
open details                                       painted=True  OLD=FALSE_NEGATIVE PROBE=ok             C2=ok             NEW=ok             pc=True gt=True mut=[0, 4, 0, 0] ce=[0, 0, 0, 0]
closed details                                     painted=False OLD=ok             PROBE=ok             C2=ok             NEW=ok             pc=True gt=True mut=[0, 4, 0, 0] ce=[0, 0, 0, 0]
closed details, contents nested twice              painted=False OLD=ok             PROBE=ok             C2=ok             NEW=ok             pc=True gt=True mut=[0, 4, 0, 0] ce=[0, 0, 0, 0]
cv:hidden block                                    painted=False OLD=ok             PROBE=ok             C2=ok             NEW=ok             pc=True gt=True mut=[0, 4, 0, 0] ce=[0, 0, 0, 0]
display:none                                       painted=False OLD=ok             PROBE=ok             C2=ok             NEW=ok             pc=True gt=True mut=[0, 4, 0, 0] ce=[0, 0, 0, 0]
hidden attribute                                   painted=False OLD=ok             PROBE=ok             C2=ok             NEW=ok             pc=True gt=True mut=[0, 4, 0, 0] ce=[0, 0, 0, 0]
visibility:hidden ancestor                         painted=False OLD=ok             PROBE=ok             C2=ok             NEW=ok             pc=True gt=True mut=[0, 0, 0, 0] ce=[0, 0, 0, 0]
opacity:0 ancestor                                 painted=False OLD=ok             PROBE=ok             C2=ok             NEW=ok             pc=True gt=True mut=[0, 4, 0, 0] ce=[0, 0, 0, 0]
closed dialog                                      painted=False OLD=ok             PROBE=ok             C2=ok             NEW=ok             pc=True gt=True mut=[0, 4, 0, 0] ce=[0, 0, 0, 0]
contents inside ul                                 painted=True  OLD=FALSE_NEGATIVE PROBE=ok             C2=ok             NEW=ok             pc=True gt=True mut=[0, 4, 0, 0] ce=[0, 0, 0, 0]
author span:empty{display:none}                    painted=True  OLD=FALSE_NEGATIVE PROBE=FALSE_NEGATIVE C2=ok             NEW=ok             pc=True gt=True mut=[0, 4, 0, 0] ce=[0, 0, 0, 0]
author *:empty{display:none}                       painted=True  OLD=FALSE_NEGATIVE PROBE=FALSE_NEGATIVE C2=ok             NEW=ok             pc=True gt=True mut=[0, 4, 0, 0] ce=[0, 0, 0, 0]
summary itself display:contents, closed details    painted=True  OLD=FALSE_NEGATIVE PROBE=ok             C2=ok             NEW=ok             pc=True gt=True mut=[0, 4, 0, 0] ce=[0, 0, 0, 0]
summary contents > contents span, closed           painted=True  OLD=FALSE_NEGATIVE PROBE=ok             C2=ok             NEW=ok             pc=True gt=True mut=[0, 4, 0, 0] ce=[0, 0, 0, 0]
SECOND summary display:contents, closed details    painted=False OLD=ok             PROBE=ok             C2=FALSE_POSITIVE NEW=ok             pc=True gt=True mut=[0, 4, 0, 0] ce=[0, 0, 0, 0]
contents wrapping a summary, closed details        painted=False OLD=ok             PROBE=ok             C2=ok             NEW=ok             pc=True gt=True mut=[0, 0, 0, 0] ce=[0, 0, 0, 0]
hidden=until-found on block box                    painted=False OLD=ok             PROBE=ok             C2=ok             NEW=ok             pc=True gt=True mut=[0, 4, 0, 0] ce=[0, 0, 0, 0]
hidden=until-found on inline span box              painted=True  OLD=FALSE_NEGATIVE PROBE=ok             C2=ok             NEW=ok             pc=True gt=True mut=[0, 4, 0, 0] ce=[0, 0, 0, 0]
open dialog (non-modal)                            painted=True  OLD=FALSE_NEGATIVE PROBE=ok             C2=ok             NEW=ok             pc=True gt=True mut=[0, 4, 0, 0] ce=[0, 0, 0, 0]
modal dialog (showModal)                           painted=True  OLD=FALSE_NEGATIVE PROBE=ok             C2=ok             NEW=ok             pc=True gt=True mut=[0, 4, 0, 0] ce=[0, 0, 0, 0]
fieldset > legend display:contents                 painted=True  OLD=FALSE_NEGATIVE PROBE=ok             C2=ok             NEW=ok             pc=True gt=True mut=[0, 4, 0, 0] ce=[0, 0, 0, 0]
fieldset > legend > contents                       painted=True  OLD=FALSE_NEGATIVE PROBE=ok             C2=ok             NEW=ok             pc=True gt=True mut=[0, 4, 0, 0] ce=[0, 0, 0, 0]
fieldset > contents                                painted=True  OLD=FALSE_NEGATIVE PROBE=ok             C2=ok             NEW=ok             pc=True gt=True mut=[0, 4, 0, 0] ce=[0, 0, 0, 0]
table with display:contents tr                     painted=True  OLD=ok             PROBE=ok             C2=ok             NEW=ok             pc=True gt=True mut=[0, 0, 0, 0] ce=[0, 0, 0, 0]
table: contents td text                            painted=True  OLD=FALSE_NEGATIVE PROBE=ok             C2=ok             NEW=ok             pc=True gt=True mut=[0, 4, 0, 0] ce=[0, 0, 0, 0]
table: tbody+tr contents, JS text in tr            painted=True  OLD=FALSE_NEGATIVE PROBE=ok             C2=ok             NEW=ok             pc=True gt=True mut=[0, 4, 0, 0] ce=[0, 0, 0, 0]
slot display:contents: slotted contents child      painted=True  OLD=FALSE_NEGATIVE PROBE=ok             C2=ok             NEW=ok             pc=True gt=True mut=[0, 4, 0, 0] ce=[0, 0, 0, 0]
slot inside visible div: slotted contents child    painted=True  OLD=FALSE_NEGATIVE PROBE=ok             C2=ok             NEW=ok             pc=True gt=True mut=[0, 4, 0, 0] ce=[0, 0, 0, 0]
slot inside CLOSED details in shadow               painted=False OLD=ok             PROBE=ok             C2=FALSE_POSITIVE NEW=ok             pc=True gt=True mut=[0, 4, 0, 0] ce=[0, 0, 0, 0]
slot inside cv:hidden div in shadow                painted=False OLD=ok             PROBE=ok             C2=FALSE_POSITIVE NEW=ok             pc=True gt=True mut=[0, 4, 0, 0] ce=[0, 0, 0, 0]
slot inside display:none in shadow                 painted=False OLD=ok             PROBE=ok             C2=ok             NEW=ok             pc=True gt=True mut=[0, 4, 0, 0] ce=[0, 0, 0, 0]
unslotted light child (no slot)                    painted=False OLD=ok             PROBE=ok             C2=ok             NEW=ok             pc=True gt=True mut=[0, 0, 0, 0] ce=[0, 0, 0, 0]
flex container contain:paint height:0              painted=False OLD=ok             PROBE=FALSE_POSITIVE C2=FALSE_POSITIVE NEW=FALSE_POSITIVE pc=True gt=True mut=[0, 4, 0, 0] ce=[0, 0, 0, 0]
grid container contain:paint height:0              painted=False OLD=ok             PROBE=FALSE_POSITIVE C2=FALSE_POSITIVE NEW=FALSE_POSITIVE pc=True gt=True mut=[0, 4, 0, 0] ce=[0, 0, 0, 0]
flex container clip-path hides all                 painted=False OLD=ok             PROBE=FALSE_POSITIVE C2=FALSE_POSITIVE NEW=FALSE_POSITIVE pc=True gt=True mut=[0, 4, 0, 0] ce=[0, 0, 0, 0]
grid 0-size track overflow visible                 painted=True  OLD=FALSE_NEGATIVE PROBE=ok             C2=ok             NEW=ok             pc=True gt=True mut=[0, 4, 0, 0] ce=[0, 0, 0, 0]
nested closed>closed, contents at L1               painted=False OLD=ok             PROBE=ok             C2=ok             NEW=ok             pc=True gt=True mut=[0, 4, 0, 0] ce=[0, 0, 0, 0]
nested closed>closed, contents at L2               painted=False OLD=ok             PROBE=ok             C2=ok             NEW=ok             pc=True gt=True mut=[0, 4, 0, 0] ce=[0, 0, 0, 0]
nested closed>closed, contents in inner summary    painted=False OLD=ok             PROBE=ok             C2=ok             NEW=ok             pc=True gt=True mut=[0, 4, 0, 0] ce=[0, 0, 0, 0]
nested closed>open, contents at L2                 painted=False OLD=ok             PROBE=ok             C2=ok             NEW=ok             pc=True gt=True mut=[0, 4, 0, 0] ce=[0, 0, 0, 0]
nested open>closed, contents in inner summary      painted=True  OLD=FALSE_NEGATIVE PROBE=ok             C2=ok             NEW=ok             pc=True gt=True mut=[0, 4, 0, 0] ce=[0, 0, 0, 0]
nested open>closed, contents at L2                 painted=False OLD=ok             PROBE=ok             C2=ok             NEW=ok             pc=True gt=True mut=[0, 4, 0, 0] ce=[0, 0, 0, 0]
closed details, contents wrapper x3                painted=False OLD=ok             PROBE=ok             C2=ok             NEW=ok             pc=True gt=True mut=[0, 4, 0, 0] ce=[0, 0, 0, 0]
closed details with ::details-content visible      painted=True  OLD=FALSE_NEGATIVE PROBE=ok             C2=FALSE_NEGATIVE NEW=ok             pc=True gt=True mut=[0, 4, 0, 0] ce=[0, 0, 0, 0]
details itself display:contents, closed            painted=False OLD=ok             PROBE=ok             C2=FALSE_POSITIVE NEW=ok             pc=True gt=True mut=[0, 4, 0, 0] ce=[0, 0, 0, 0]
open details display:contents inside closed detail painted=False OLD=ok             PROBE=ok             C2=ok             NEW=ok             pc=True gt=True mut=[0, 4, 0, 0] ce=[0, 0, 0, 0]
video fallback child                               painted=False OLD=ok             PROBE=ok             C2=ok             NEW=ok             pc=True gt=True mut=[0, 0, 0, 0] ce=[0, 0, 0, 0]
video controls fallback child                      painted=False OLD=ok             PROBE=ok             C2=ok             NEW=ok             pc=True gt=True mut=[0, 0, 0, 0] ce=[0, 0, 0, 0]
audio controls fallback child                      painted=False OLD=ok             PROBE=ok             C2=ok             NEW=ok             pc=True gt=True mut=[0, 0, 0, 0] ce=[0, 0, 0, 0]
audio (no controls) fallback child                 painted=False OLD=ok             PROBE=ok             C2=ok             NEW=ok             pc=True gt=True mut=[0, 0, 0, 0] ce=[0, 0, 0, 0]
canvas fallback child                              painted=False OLD=ok             PROBE=ok             C2=ok             NEW=ok             pc=True gt=True mut=[0, 4, 0, 0] ce=[0, 0, 0, 0]
iframe child (JS)                                  painted=False OLD=ok             PROBE=ok             C2=ok             NEW=ok             pc=True gt=True mut=[0, 4, 0, 0] ce=[0, 0, 0, 0]
object (no data) fallback child                    painted=True  OLD=FALSE_NEGATIVE PROBE=ok             C2=ok             NEW=ok             pc=True gt=True mut=[0, 4, 0, 0] ce=[0, 0, 0, 0]
object with svg data fallback child                painted=False OLD=ok             PROBE=ok             C2=ok             NEW=ok             pc=True gt=True mut=[0, 4, 0, 0] ce=[0, 0, 0, 0]
textarea element child (JS)                        painted=False OLD=ok             PROBE=ok             C2=ok             NEW=ok             pc=True gt=True mut=[0, 0, 0, 0] ce=[0, 0, 0, 0]
select element child (JS)                          painted=False OLD=ok             PROBE=ok             C2=ok             NEW=ok             pc=True gt=True mut=[0, 4, 0, 0] ce=[0, 0, 0, 0]
img element child (JS)                             painted=False OLD=ok             PROBE=ok             C2=ok             NEW=ok             pc=True gt=True mut=[0, 4, 0, 0] ce=[0, 0, 0, 0]
input element child (JS)                           painted=False OLD=ok             PROBE=ok             C2=ok             NEW=ok             pc=True gt=True mut=[0, 0, 0, 0] ce=[0, 0, 0, 0]
slotted child, plain slot (must report)            painted=True  OLD=FALSE_NEGATIVE PROBE=ok             C2=ok             NEW=ok             pc=True gt=True mut=[0, 4, 0, 0] ce=[0, 0, 0, 0]
{"case": "last-child animation", "OLD": {"must_seen": true, "pos_ctrl": true, "exception": null, "clock_before": [2533], "clock_after": [2550], "html_unchanged": true, "mutation_records": [], "console_errors": 0}, "PROBE": {"must_seen": false, "pos_ctrl": true, "exception": null, "clock_before": [2517], "clock_after": [0], "html_unchanged": true, "mutation_records": ["childList:c", "childList:c", "childList:c", "childList:c"], "console_errors": 0}, "C2": {"must_seen": true, "pos_ctrl": true, "exception": null, "clock_before": [2517], "clock_after": [2533], "html_unchanged": true, "mutation_records": [], "console_errors": 0}, "NEW": {"must_seen": true, "pos_ctrl": true, "exception": null, "clock_before": [2533], "clock_after": [2550], "html_unchanged": true, "mutation_records": [], "console_errors": 0}}
{"case": "has(span) animation elsewhere", "OLD": {"must_seen": true, "pos_ctrl": true, "exception": null, "clock_before": [2533], "clock_after": [2550], "html_unchanged": true, "mutation_records": [], "console_errors": 0}, "PROBE": {"must_seen": false, "pos_ctrl": true, "exception": null, "clock_before": [2517], "clock_after": [0], "html_unchanged": true, "mutation_records": ["childList:c", "childList:c", "childList:c", "childList:c"], "console_errors": 0}, "C2": {"must_seen": true, "pos_ctrl": true, "exception": null, "clock_before": [2517], "clock_after": [2550], "html_unchanged": true, "mutation_records": [], "console_errors": 0}, "NEW": {"must_seen": true, "pos_ctrl": true, "exception": null, "clock_before": [2500], "clock_after": [2517], "html_unchanged": true, "mutation_records": [], "console_errors": 0}}
{"case": "has(*) animation elsewhere", "OLD": {"must_seen": true, "pos_ctrl": true, "exception": null, "clock_before": [2500], "clock_after": [2517], "html_unchanged": true, "mutation_records": [], "console_errors": 0}, "PROBE": {"must_seen": false, "pos_ctrl": true, "exception": null, "clock_before": [2517], "clock_after": [0], "html_unchanged": true, "mutation_records": ["childList:c", "childList:c", "childList:c", "childList:c"], "console_errors": 0}, "C2": {"must_seen": true, "pos_ctrl": true, "exception": null, "clock_before": [2517], "clock_after": [2533], "html_unchanged": true, "mutation_records": [], "console_errors": 0}, "NEW": {"must_seen": true, "pos_ctrl": true, "exception": null, "clock_before": [2517], "clock_after": [2533], "html_unchanged": true, "mutation_records": [], "console_errors": 0}}
{"case": ":empty rules + contents", "OLD": {"must_seen": false, "pos_ctrl": true, "exception": null, "clock_before": [], "clock_after": [], "html_unchanged": true, "mutation_records": [], "console_errors": 0}, "PROBE": {"must_seen": false, "pos_ctrl": true, "exception": null, "clock_before": [], "clock_after": [], "html_unchanged": true, "mutation_records": ["childList:c", "childList:c", "childList:c", "childList:c"], "console_errors": 0}, "C2": {"must_seen": true, "pos_ctrl": true, "exception": null, "clock_before": [], "clock_after": [], "html_unchanged": true, "mutation_records": [], "console_errors": 0}, "NEW": {"must_seen": true, "pos_ctrl": true, "exception": null, "clock_before": [], "clock_after": [], "html_unchanged": true, "mutation_records": [], "console_errors": 0}}
{"case": "appendChild/insertBefore throw (instance + prototype)", "OLD": {"must_seen": false, "pos_ctrl": true, "exception": null, "clock_before": [], "clock_after": [], "html_unchanged": true, "mutation_records": [], "console_errors": 0}, "PROBE": {"must_seen": false, "pos_ctrl": false, "exception": "Page.evaluate: Error: x", "clock_before": [], "clock_after": [], "html_unchanged": true, "mutation_records": [], "console_errors": 0}, "C2": {"must_seen": true, "pos_ctrl": true, "exception": null, "clock_before": [], "clock_after": [], "html_unchanged": true, "mutation_records": [], "console_errors": 0}, "NEW": {"must_seen": true, "pos_ctrl": true, "exception": null, "clock_before": [], "clock_after": [], "html_unchanged": true, "mutation_records": [], "console_errors": 0}}
{"case": "remove()/removeChild no-op", "OLD": {"must_seen": false, "pos_ctrl": true, "exception": null, "clock_before": [], "clock_after": [], "html_unchanged": true, "mutation_records": [], "console_errors": 0}, "PROBE": {"must_seen": true, "pos_ctrl": true, "exception": null, "clock_before": [], "clock_after": [], "html_unchanged": false, "mutation_records": ["childList:c", "childList:c"], "console_errors": 0}, "C2": {"must_seen": true, "pos_ctrl": true, "exception": null, "clock_before": [], "clock_after": [], "html_unchanged": true, "mutation_records": [], "console_errors": 0}, "NEW": {"must_seen": true, "pos_ctrl": true, "exception": null, "clock_before": [], "clock_after": [], "html_unchanged": true, "mutation_records": [], "console_errors": 0}}
{"case": "createElement throws", "OLD": {"must_seen": false, "pos_ctrl": true, "exception": null, "clock_before": [], "clock_after": [], "html_unchanged": true, "mutation_records": [], "console_errors": 0}, "PROBE": {"must_seen": false, "pos_ctrl": false, "exception": "Page.evaluate: Error: ce", "clock_before": [], "clock_after": [], "html_unchanged": true, "mutation_records": [], "console_errors": 0}, "C2": {"must_seen": true, "pos_ctrl": true, "exception": null, "clock_before": [], "clock_after": [], "html_unchanged": true, "mutation_records": [], "console_errors": 0}, "NEW": {"must_seen": true, "pos_ctrl": true, "exception": null, "clock_before": [], "clock_after": [], "html_unchanged": true, "mutation_records": [], "console_errors": 0}}
FIXTURE OLD 78 Quarterly report for the trainers listopenclosedLASTCHILD_SIBLING_S7accfirstdc [417] [450] [] 0
FIXTURE PROBE 58 Quarterly report for the trainers listopenclosedaccfirstdc [400] [0] ['childList:DIV', 'childList:DIV', 'childList:DIV', 'childList:DIV', 'childList:DIV', 'childList:DIV', 'childList:DIV', 'childList:DIV', 'childList:DIV', 'childList:DIV', 'childList:anim', 'childList:anim', 'childList:DIV', 'childList:DIV', 'childList:DIV', 'childList:DIV', 'childList:SUMMARY', 'childList:SUMMARY', 'childList:DIV', 'childList:DIV', 'childList:DIV', 'childList:DIV'] 0
FIXTURE C2 217 Quarterly report for the trainers listCONTENTS_PLAIN_S1openCONTENTS_OPENDETAILS_S2closedCONTENTS_ANIMATED_S6LASTCHILD_SIBLING_S7accfirstCONTENTS_SECONDSUMMARY_S11dcCONTENTS_DETAILSCONTENTS_S12CONTENTS_SLOTINCLOSED_S13 [433] [450] [] 0
FIXTURE NEW 160 Quarterly report for the trainers listCONTENTS_PLAIN_S1openCONTENTS_OPENDETAILS_S2closedCONTENTS_ANIMATED_S6LASTCHILD_SIBLING_S7accCONTENTS_ACCORDION_S10firstdc [417] [433] [] 0
