KILLED  glyphs are not sorted by screen position - document order returns  (pytest exit 1)
    claims to kill : tests/test_browser_visual_order.py::test_the_detector_sees_what_the_dom_hides
    actually failed: tests/test_browser_visual_order.py::test_a_direction_override_inside_a_form_control_is_seen_in_reading_order, tests/test_browser_visual_order.py::test_reversal_forced_by_css_alone_is_seen, tests/test_browser_visual_order.py::test_the_detector_sees_what_the_dom_hides
KILLED  the detector reads innerText instead of measuring glyphs  (pytest exit 1)
    claims to kill : tests/test_browser_visual_order.py::test_a_zero_width_interleaved_secret_is_seen_as_it_renders, tests/test_browser_visual_order.py::test_the_detector_sees_what_the_dom_hides
    actually failed: tests/test_browser_visual_order.py::test_a_direction_override_inside_a_form_control_is_seen_in_reading_order, tests/test_browser_visual_order.py::test_a_secret_in_a_form_control_value_is_seen, tests/test_browser_visual_order.py::test_a_zero_width_interleaved_secret_is_seen_as_it_renders, tests/test_browser_visual_order.py::test_reversal_forced_by_css_alone_is_seen, tests/test_browser_visual_order.py::test_the_detector_sees_what_the_dom_hides
KILLED  unpainted characters are kept - the AT-345 blindness returns  (pytest exit 1)
    claims to kill : tests/test_browser_visual_order.py::test_a_zero_width_interleaved_secret_is_seen_as_it_renders
    actually failed: tests/test_browser_visual_order.py::test_a_zero_width_interleaved_secret_is_seen_as_it_renders
KILLED  the width test regresses to the enumerate.js element form  (pytest exit 1)
    claims to kill : tests/test_browser_visual_order.py::test_a_zero_width_interleaved_secret_is_seen_as_it_renders
    actually failed: tests/test_browser_visual_order.py::test_a_zero_width_interleaved_secret_is_seen_as_it_renders
KILLED  the detector returns nothing at all - every clean result is vacuous  (pytest exit 1)
    claims to kill : tests/test_browser_visual_order.py::test_the_detector_reports_nothing_on_a_clean_page, tests/test_browser_visual_order.py::test_the_detector_sees_a_plainly_rendered_secret
    actually failed: tests/test_browser_visual_order.py::test_a_direction_override_inside_a_form_control_is_seen_in_reading_order, tests/test_browser_visual_order.py::test_a_secret_in_a_form_control_value_is_seen, tests/test_browser_visual_order.py::test_a_zero_width_interleaved_secret_is_seen_as_it_renders, tests/test_browser_visual_order.py::test_reversal_forced_by_css_alone_is_seen, tests/test_browser_visual_order.py::test_text_that_occupies_layout_but_is_invisible_is_not_reported, tests/test_browser_visual_order.py::test_the_detector_reports_nothing_on_a_clean_page, tests/test_browser_visual_order.py::test_the_detector_sees_a_plainly_rendered_secret, tests/test_browser_visual_order.py::test_the_detector_sees_what_the_dom_hides
KILLED  invisible-but-laid-out text is swept in as if a reader saw it  (pytest exit 1)
    claims to kill : tests/test_browser_visual_order.py::test_text_that_occupies_layout_but_is_invisible_is_not_reported
    actually failed: tests/test_browser_visual_order.py::test_text_that_occupies_layout_but_is_invisible_is_not_reported
KILLED  AT-361 reopens: form controls are not measured at all  (pytest exit 1)
    claims to kill : tests/test_browser_visual_order.py::test_a_direction_override_inside_a_form_control_is_seen_in_reading_order, tests/test_browser_visual_order.py::test_a_secret_in_a_form_control_value_is_seen
    actually failed: tests/test_browser_visual_order.py::test_a_direction_override_inside_a_form_control_is_seen_in_reading_order, tests/test_browser_visual_order.py::test_a_secret_in_a_form_control_value_is_seen, tests/test_browser_visual_order.py::test_reversal_forced_by_css_alone_is_seen
KILLED  the control's value is READ instead of mirrored and measured  (pytest exit 1)
    claims to kill : tests/test_browser_visual_order.py::test_a_direction_override_inside_a_form_control_is_seen_in_reading_order
    actually failed: tests/test_browser_visual_order.py::test_a_direction_override_inside_a_form_control_is_seen_in_reading_order, tests/test_browser_visual_order.py::test_reversal_forced_by_css_alone_is_seen
KILLED  the mirror keeps the control's direction but drops unicode-bidi  (pytest exit 1)
    claims to kill : tests/test_browser_visual_order.py::test_reversal_forced_by_css_alone_is_seen
    actually failed: tests/test_browser_visual_order.py::test_reversal_forced_by_css_alone_is_seen
KILLED  the offscreen mirror is left in the page  (pytest exit 1)
    claims to kill : tests/test_browser_visual_order.py::test_measuring_the_page_leaves_it_exactly_as_it_was
    actually failed: tests/test_browser_visual_order.py::test_measuring_the_page_leaves_it_exactly_as_it_was

10/10 mutations killed
