KILLED  glyphs are not sorted by screen position - document order returns  (pytest exit 1)
    claims to kill : tests/test_browser_visual_order.py::test_the_detector_sees_what_the_dom_hides
    actually failed: tests/test_browser_visual_order.py::test_the_detector_sees_what_the_dom_hides
KILLED  the detector reads innerText instead of measuring glyphs  (pytest exit 1)
    claims to kill : tests/test_browser_visual_order.py::test_a_zero_width_interleaved_secret_is_seen_as_it_renders, tests/test_browser_visual_order.py::test_the_detector_sees_what_the_dom_hides
    actually failed: tests/test_browser_visual_order.py::test_a_direction_override_inside_a_form_control_is_seen_in_reading_order, tests/test_browser_visual_order.py::test_a_password_field_is_reported_as_the_bullets_it_shows, tests/test_browser_visual_order.py::test_a_placeholder_is_reported_because_it_renders, tests/test_browser_visual_order.py::test_a_secret_in_a_form_control_value_is_seen, tests/test_browser_visual_order.py::test_a_zero_width_interleaved_secret_is_seen_as_it_renders, tests/test_browser_visual_order.py::test_reversal_forced_by_css_alone_is_seen, tests/test_browser_visual_order.py::test_text_a_reader_cannot_see_is_not_reported[absolute-offscreen], tests/test_browser_visual_order.py::test_text_a_reader_cannot_see_is_not_reported[opacity-zero-ancestor], tests/test_browser_visual_order.py::test_text_a_reader_cannot_see_is_not_reported[opacity-zero], tests/test_browser_visual_order.py::test_text_a_reader_cannot_see_is_not_reported[overflow-clipped], tests/test_browser_visual_order.py::test_text_a_reader_cannot_see_is_not_reported[text-indent-offscreen], tests/test_browser_visual_order.py::test_text_a_reader_cannot_see_is_not_reported[transparent-colour], tests/test_browser_visual_order.py::test_the_detector_sees_what_the_dom_hides
KILLED  unpainted characters are kept - the AT-345 blindness returns  (pytest exit 1)
    claims to kill : tests/test_browser_visual_order.py::test_a_zero_width_interleaved_secret_is_seen_as_it_renders
    actually failed: tests/test_browser_visual_order.py::test_a_zero_width_interleaved_secret_is_seen_as_it_renders
KILLED  the width test regresses to the enumerate.js element form  (pytest exit 1)
    claims to kill : tests/test_browser_visual_order.py::test_a_zero_width_interleaved_secret_is_seen_as_it_renders
    actually failed: tests/test_browser_visual_order.py::test_a_zero_width_interleaved_secret_is_seen_as_it_renders
KILLED  the detector returns nothing at all - every clean result is vacuous  (pytest exit 1)
    claims to kill : tests/test_browser_visual_order.py::test_the_detector_reports_nothing_on_a_clean_page, tests/test_browser_visual_order.py::test_the_detector_sees_a_plainly_rendered_secret
    actually failed: tests/test_browser_visual_order.py::test_a_direction_override_inside_a_form_control_is_seen_in_reading_order, tests/test_browser_visual_order.py::test_a_password_field_is_reported_as_the_bullets_it_shows, tests/test_browser_visual_order.py::test_a_placeholder_is_reported_because_it_renders, tests/test_browser_visual_order.py::test_a_secret_in_a_form_control_value_is_seen, tests/test_browser_visual_order.py::test_a_zero_width_interleaved_secret_is_seen_as_it_renders, tests/test_browser_visual_order.py::test_reversal_forced_by_css_alone_is_seen, tests/test_browser_visual_order.py::test_text_a_reader_cannot_see_is_not_reported[absolute-offscreen], tests/test_browser_visual_order.py::test_text_a_reader_cannot_see_is_not_reported[opacity-zero-ancestor], tests/test_browser_visual_order.py::test_text_a_reader_cannot_see_is_not_reported[opacity-zero], tests/test_browser_visual_order.py::test_text_a_reader_cannot_see_is_not_reported[overflow-clipped], tests/test_browser_visual_order.py::test_text_a_reader_cannot_see_is_not_reported[text-indent-offscreen], tests/test_browser_visual_order.py::test_text_a_reader_cannot_see_is_not_reported[transparent-colour], tests/test_browser_visual_order.py::test_text_that_occupies_layout_but_is_invisible_is_not_reported, tests/test_browser_visual_order.py::test_the_detector_reports_nothing_on_a_clean_page, tests/test_browser_visual_order.py::test_the_detector_sees_a_plainly_rendered_secret, tests/test_browser_visual_order.py::test_the_detector_sees_what_the_dom_hides
KILLED  invisible-but-laid-out text is swept in as if a reader saw it  (pytest exit 1)
    claims to kill : tests/test_browser_visual_order.py::test_text_that_occupies_layout_but_is_invisible_is_not_reported
    actually failed: tests/test_browser_visual_order.py::test_text_that_occupies_layout_but_is_invisible_is_not_reported
KILLED  AT-361 reopens: form controls are not measured at all  (pytest exit 1)
    claims to kill : tests/test_browser_visual_order.py::test_a_direction_override_inside_a_form_control_is_seen_in_reading_order, tests/test_browser_visual_order.py::test_a_secret_in_a_form_control_value_is_seen
    actually failed: tests/test_browser_visual_order.py::test_a_direction_override_inside_a_form_control_is_seen_in_reading_order, tests/test_browser_visual_order.py::test_a_password_field_is_reported_as_the_bullets_it_shows, tests/test_browser_visual_order.py::test_a_placeholder_is_reported_because_it_renders, tests/test_browser_visual_order.py::test_a_secret_in_a_form_control_value_is_seen, tests/test_browser_visual_order.py::test_reversal_forced_by_css_alone_is_seen
KILLED  the control's value is READ instead of mirrored and measured  (pytest exit 1)
    claims to kill : tests/test_browser_visual_order.py::test_a_direction_override_inside_a_form_control_is_seen_in_reading_order
    actually failed: tests/test_browser_visual_order.py::test_a_direction_override_inside_a_form_control_is_seen_in_reading_order, tests/test_browser_visual_order.py::test_reversal_forced_by_css_alone_is_seen
KILLED  the mirror keeps the control's direction but drops unicode-bidi  (pytest exit 1)
    claims to kill : tests/test_browser_visual_order.py::test_reversal_forced_by_css_alone_is_seen
    actually failed: tests/test_browser_visual_order.py::test_reversal_forced_by_css_alone_is_seen
KILLED  the offscreen mirror is left in the page  (pytest exit 1)
    claims to kill : tests/test_browser_visual_order.py::test_measuring_the_page_leaves_it_exactly_as_it_was
    actually failed: tests/test_browser_visual_order.py::test_measuring_the_page_leaves_it_exactly_as_it_was
KILLED  AT-363: zero-alpha colour is reported as if a reader saw it  (pytest exit 1)
    claims to kill : tests/test_browser_visual_order.py::test_text_a_reader_cannot_see_is_not_reported[transparent-colour]
    actually failed: tests/test_browser_visual_order.py::test_text_a_reader_cannot_see_is_not_reported[transparent-colour]
KILLED  AT-363: opacity is never consulted  (pytest exit 1)
    claims to kill : tests/test_browser_visual_order.py::test_text_a_reader_cannot_see_is_not_reported[opacity-zero-ancestor], tests/test_browser_visual_order.py::test_text_a_reader_cannot_see_is_not_reported[opacity-zero]
    actually failed: tests/test_browser_visual_order.py::test_text_a_reader_cannot_see_is_not_reported[opacity-zero-ancestor], tests/test_browser_visual_order.py::test_text_a_reader_cannot_see_is_not_reported[opacity-zero]
KILLED  AT-363: opacity is read on the element only, not up the ancestors  (pytest exit 1)
    claims to kill : tests/test_browser_visual_order.py::test_text_a_reader_cannot_see_is_not_reported[opacity-zero-ancestor]
    actually failed: tests/test_browser_visual_order.py::test_text_a_reader_cannot_see_is_not_reported[opacity-zero-ancestor]
KILLED  AT-363: unreachable glyphs are reported (off-left and clipped)  (pytest exit 1)
    claims to kill : tests/test_browser_visual_order.py::test_text_a_reader_cannot_see_is_not_reported[absolute-offscreen], tests/test_browser_visual_order.py::test_text_a_reader_cannot_see_is_not_reported[overflow-clipped], tests/test_browser_visual_order.py::test_text_a_reader_cannot_see_is_not_reported[text-indent-offscreen]
    actually failed: tests/test_browser_visual_order.py::test_text_a_reader_cannot_see_is_not_reported[absolute-offscreen], tests/test_browser_visual_order.py::test_text_a_reader_cannot_see_is_not_reported[overflow-clipped], tests/test_browser_visual_order.py::test_text_a_reader_cannot_see_is_not_reported[text-indent-offscreen]
KILLED  AT-363: a password field's value is reported in cleartext  (pytest exit 1)
    claims to kill : tests/test_browser_visual_order.py::test_a_password_field_is_reported_as_the_bullets_it_shows
    actually failed: tests/test_browser_visual_order.py::test_a_password_field_is_reported_as_the_bullets_it_shows
KILLED  AT-362: an empty control's placeholder is not measured  (pytest exit 1)
    claims to kill : tests/test_browser_visual_order.py::test_a_placeholder_is_reported_because_it_renders
    actually failed: tests/test_browser_visual_order.py::test_a_placeholder_is_reported_because_it_renders
KILLED  AT-364 (checker-written): the bidi fixture stores the secret forwards  (pytest exit 1)
    claims to kill : tests/test_browser_visual_order.py::test_the_dom_calls_the_bidi_page_clean
    actually failed: tests/test_browser_visual_order.py::test_the_dom_calls_the_bidi_page_clean

17/17 mutations killed
