........................................................................ [  4%]
.....................................xx....xx..xxxxxx....xx..xxxxxx..xxx [  9%]
xxxxxxxxxxx............................................................. [ 14%]
........................................................................ [ 18%]
........................................................................ [ 23%]
...............................s........................................ [ 28%]
........................................................................ [ 33%]
........................................................................ [ 37%]
........................................................................ [ 42%]
........................................................................ [ 47%]
........................................................................ [ 52%]
........................................................................ [ 56%]
........................................................................ [ 61%]
........................................................................ [ 66%]
........................................................................ [ 71%]
........................................................................ [ 75%]
........................................................................ [ 80%]
.......s................................................................ [ 85%]
........................................................................ [ 90%]
........................................................................ [ 94%]
........................................................................ [ 99%]
........                                                                 [100%]
============================== warnings summary ===============================
.venv\Lib\site-packages\starlette\testclient.py:53
  D:\autoTesting\.venv\Lib\site-packages\starlette\testclient.py:53: DeprecationWarning: The anyio.abc.BlockingPortal alias is deprecated, use anyio.from_thread.BlockingPortal instead.
    _PortalFactoryType = Callable[[], AbstractContextManager[anyio.abc.BlockingPortal]]

-- Docs: https://docs.pytest.org/en/stable/how-to/capture-warnings.html
1486 passed, 2 skipped, 32 xfailed, 1 warning in 969.43s (0:16:09)
