......F..                                                                [100%]
================================== FAILURES ===================================
__________________ test_revised_goal_contract_is_registered ___________________

    def test_revised_goal_contract_is_registered() -> None:
        data = json.loads(GOAL.read_text(encoding="utf-8"))
        by_id = {task["id"]: task for task in data["tasks"]}
        tests = "tests/"
        expected = {
            "T-160": (["T-134"], tests + "test_goal_done_checks.py::"
                      "test_revised_goal_contract_is_registered"),
            "T-161": (["T-100", "T-160"], tests + "test_ui_project_intake.py"),
            "T-162": (["T-161"], tests + "test_source_adapters.py"),
            "T-163": (["T-135", "T-162"], tests + "test_autonomous_orchestrator.py"),
            "T-164": (["T-163"], tests + "test_portal_persona.py"),
            "T-165": (["T-163", "T-144"], tests + "test_explore_completeness.py "
                      "tests/test_explore_network.py"),
            "T-166": (["T-125", "T-164", "T-165"], tests + "test_eval_compiler.py"),
            "T-167": (["T-166", "T-110"], tests + "test_regression_trigger.py"),
            "T-168": (["T-155", "T-164", "T-165", "T-167"], tests + "test_unified_report.py"),
            "T-169": (["T-136", "T-145", "T-168"], tests + "test_generic_acceptance.py"),
        }
        expected = {key: (deps, f"uv run pytest {spec} -q") for key, (deps, spec) in expected.items()}
        actual = {key: (by_id[key]["deps"], by_id[key]["done_check"]["cmd"]) for key in expected}
>       assert actual == expected
E       AssertionError: assert {'T-160': (['...tor.py'), ...} == {'T-160': (['....py -q'), ...}
E         
E         Differing items:
E         {'T-165': (['T-163', 'T-144'], 'uv run pytest tests/test_explore_completeness.py tests/test_explore_network.py')} != {'T-165': (['T-163', 'T-144'], 'uv run pytest tests/test_explore_completeness.py tests/test_explore_network.py -q')}
E         {'T-167': (['T-166', 'T-110'], 'uv run pytest tests/test_regression_trigger.py')} != {'T-167': (['T-166', 'T-110'], 'uv run pytest tests/test_regression_trigger.py -q')}
E         {'T-169': (['T-136', 'T-145', 'T-168'], 'uv run pytest tests/test_generic_acceptance.py')} != {'T-169': (['T-136', 'T-145', 'T-168'], 'uv run pytest tests/tes...
E         
E         ...Full output truncated (9 lines hidden), use '-vv' to show

tests\test_goal_done_checks.py:231: AssertionError
=========================== short test summary info ===========================
FAILED tests/test_goal_done_checks.py::test_revised_goal_contract_is_registered
1 failed, 8 passed in 0.27s
exit=1
